// Jest Snapshot v1, https://goo.gl/fbAQLP

exports[`Homepage tests App snapshot test 1`] = `
<div
  className="site-content container"
>
  <div
    className="questions"
  >
    <div
      className="q-headline"
    >
      <h1>
        Latest Questions
      </h1>
      <a
        className="sort-button"
        href=""
      >
        Sort By Popular
      </a>
    </div>
    <div
      className="list-wrapper"
    >
      <div
        id="question-mini-list"
      />
    </div>
  </div>
</div>
`;
