// Jest Snapshot v1, https://goo.gl/fbAQLP

exports[`search form tests should render the search form without crashing 1`] = `
<form
  className="site-navigation-search"
  onSubmit={[Function]}
>
  <input
    name="search"
    onChange={[Function]}
    placeholder="Search for..."
    type="text"
    value=""
  />
</form>
`;
